=== RUN   TestLUTCalculator
--- FAIL: TestLUTCalculator (0.00s)
panic: runtime error: invalid memory address or nil pointer dereference [recovered, repanicked]
[signal 0xc0000005 code=0x0 addr=0x10 pc=0x7ff63eeb63cc]

goroutine 19 [running]:
testing.tRunner.func1.2({0x7ff63eef60c0, 0x7ff63f1115a0})
	C:/Program Files/Go/src/testing/testing.go:1872 +0x239
testing.tRunner.func1()
	C:/Program Files/Go/src/testing/testing.go:1875 +0x35b
panic({0x7ff63eef60c0?, 0x7ff63f1115a0?})
	C:/Program Files/Go/src/runtime/panic.go:783 +0x132
math/big.(*Int).Set(...)
	C:/Program Files/Go/src/math/big/int.go:97
github.com/agbru/fibcalc/internal/fibonacci.lookupSmall(...)
	C:/Users/agbru/OneDrive/Documents/GitHub/Fibonacci/internal/fibonacci/calculator.go:323
github.com/agbru/fibcalc/internal/fibonacci.TestLUTCalculator(0xc000106540)
	C:/Users/agbru/OneDrive/Documents/GitHub/Fibonacci/internal/fibonacci/lut_test.go:21 +0x1ac
testing.tRunner(0xc000106540, 0x7ff63ef4ed48)
	C:/Program Files/Go/src/testing/testing.go:1934 +0xc3
created by testing.(*T).Run in goroutine 1
	C:/Program Files/Go/src/testing/testing.go:1997 +0x44b
FAIL	github.com/agbru/fibcalc/internal/fibonacci	0.210s
FAIL
